[main] WinMain start
[main] VEH registered
[main] console attached

[VEH] *** CRASH ***
[VEH] ExceptionCode: 0x21474343
[VEH] At: 0x7FF8A183FE0A
[VEH] Modules:
  RKeng.exe                                base=0x00007FF6BE210000 size=0x00140000
  ntdll.dll                                base=0x00007FF8A4CA0000 size=0x00267000
  KERNEL32.DLL                             base=0x00007FF8A3C30000 size=0x000C9000
  KERNELBASE.dll                           base=0x00007FF8A1780000 size=0x003F7000  <-- CRASH HERE
  msvcrt.dll                               base=0x00007FF8A3AD0000 size=0x000A9000
  USER32.dll                               base=0x00007FF8A3F60000 size=0x001C6000
  dbghelp.dll                              base=0x00007FF897C60000 size=0x00242000
  win32u.dll                               base=0x00007FF8A29F0000 size=0x00027000
  ucrtbase.dll                             base=0x00007FF8A2660000 size=0x0014B000
  GDI32.dll                                base=0x00007FF8A4890000 size=0x0002B000
  libgcc_s_seh-1.dll                       base=0x00007FF871CD0000 size=0x00024000
  gdi32full.dll                            base=0x00007FF8A1B80000 size=0x0012C000
  combase.dll                              base=0x00007FF8A4350000 size=0x00383000
  msvcp_win.dll                            base=0x00007FF8A2520000 size=0x000A3000
  libwinpthread-1.dll                      base=0x00007FF87EE90000 size=0x00016000
  RPCRT4.dll                               base=0x00007FF8A4230000 size=0x00118000
  OLEAUT32.dll                             base=0x00007FF8A31A0000 size=0x000D9000
  libRKengCore.dll                         base=0x00007FFFA0090000 size=0x03E70000
  vulkan-1.dll                             base=0x00007FF83BC90000 size=0x001AA000
  glfw3.dll                                base=0x00007FF83BC30000 size=0x00053000
  SHELL32.dll                              base=0x00007FF8A2A20000 size=0x0076E000
  ADVAPI32.dll                             base=0x00007FF8A3EA0000 size=0x000B6000
  sechost.dll                              base=0x00007FF8A3B80000 size=0x000A7000
  CFGMGR32.dll                             base=0x00007FF8A12A0000 size=0x00051000
  CRYPTBASE.DLL                            base=0x00007FF8A0CB0000 size=0x0000C000
  bcryptPrimitives.dll                     base=0x00007FF8A16D0000 size=0x000A8000
  IMM32.DLL                                base=0x00007FF8A3420000 size=0x00032000
  uxtheme.dll                              base=0x00007FF89F1E0000 size=0x000AA000
  dinput8.dll                              base=0x00007FF844C70000 size=0x0004B000
  xinput1_4.dll                            base=0x00007FF844CC0000 size=0x0001C000
  DEVOBJ.dll                               base=0x00007FF8A1300000 size=0x0002D000
  dwmapi.dll                               base=0x00007FF89F480000 size=0x0002F000
  shcore.dll                               base=0x00007FF8A4130000 size=0x000F6000
  inputhost.dll                            base=0x00007FF88EC70000 size=0x001E3000
  CoreMessaging.dll                        base=0x00007FF89E860000 size=0x00127000
  MSCTF.dll                                base=0x00007FF8A3280000 size=0x0015C000
  HID.DLL                                  base=0x00007FF89FB60000 size=0x0000F000
  SETUPAPI.DLL                             base=0x00007FF8A34E0000 size=0x00487000
  WINMM.DLL                                base=0x00007FF8979D0000 size=0x00036000
  WINTRUST.dll                             base=0x00007FF8A25D0000 size=0x00082000
  CRYPT32.dll                              base=0x00007FF8A27B0000 size=0x00178000
  MSASN1.dll                               base=0x00007FF8A0D20000 size=0x00013000
  Windows.Storage.dll                      base=0x00007FF8A1CB0000 size=0x0086C000
  kernel.appcore.dll                       base=0x00007FF8A0460000 size=0x0001B000
  textinputframework.dll                   base=0x00007FF88D440000 size=0x00146000
  CoreUIComponents.dll                     base=0x00007FF89C470000 size=0x002E2000
  wintypes.dll                             base=0x00007FF89C300000 size=0x0016A000
  dxgi.dll                                 base=0x00007FF89F310000 size=0x0013E000
  powrprof.dll                             base=0x00007FF8A1530000 size=0x0005E000
  UMPDC.dll                                base=0x00007FF8A1460000 size=0x00014000
  windows.staterepositorycore.dll          base=0x00007FF890080000 size=0x0001D000
  dxcore.dll                               base=0x00007FF89F2C0000 size=0x00045000
  directxdatabasehelper.dll                base=0x00007FF89CCC0000 size=0x00061000
  amdvlk64.dll                             base=0x00007FFF99C50000 size=0x0643C000
  VkLayer_khronos_validation.dll           base=0x00007FFF98980000 size=0x012CB000
  MSVCP140.dll                             base=0x00007FF83A9F0000 size=0x00089000
  VCRUNTIME140_1.dll                       base=0x00007FF897550000 size=0x0000C000
  VCRUNTIME140.dll                         base=0x00007FF891230000 size=0x0001E000
  shlwapi.dll                              base=0x00007FF8A4AA0000 size=0x00066000
  ole32.dll                                base=0x00007FF8A3D00000 size=0x00197000
  BCrypt.dll                               base=0x00007FF8A15C0000 size=0x0002A000
  amdenc64.dll                             base=0x00000000779A0000 size=0x00154000
  amdihk64.dll                             base=0x00007FF896CB0000 size=0x0003E000
  d3d12.dll                                base=0x00007FF887A30000 size=0x00025000
  amdxc64.dll                              base=0x00007FF8019C0000 size=0x049D8000
  VERSION.dll                              base=0x00007FF89C220000 size=0x0000B000
  D3D12Core.dll                            base=0x00007FF830DF0000 size=0x00358000
  D3DSCache.dll                            base=0x00007FF88E260000 size=0x000E5000
  USERENV.dll                              base=0x00007FF8A0A80000 size=0x00033000
  dcomp.dll                                base=0x00007FF89E630000 size=0x00222000
  Microsoft.Internal.WarpPal.dll           base=0x00007FF89D660000 size=0x00019000
[VEH] Stack:
  # 0  0x00007FF6BE211A29  (no symbol)
  # 1  RtlLocateExtendedFeature+3990
  # 2  RtlLocateExtendedFeature+870
  # 3  RtlRaiseException+545
  # 4  RaiseException+138
  # 5  GCC_specific_handler+212
  # 6  ZN5RKeng6Logger3PtrESt17basic_string_viewIcSt11char_traitsIcEEPKv+6474217
  # 7  _chkstk+287
  # 8  RtlUnwindEx+643
  # 9  GCC_specific_handler+499
  #10  0x00007FF6BE2C2E75  (no symbol)
  #11  _chkstk+159
  #12  RtlLocateExtendedFeature+1431
  #13  RtlRaiseException+545
  #14  RaiseException+138
  #15  Unwind_RaiseException+49
  #16  ZN5RKeng6Logger3PtrESt17basic_string_viewIcSt11char_traitsIcEEPKv+6473837
  #17  ZN5RKeng6Logger3PtrESt17basic_string_viewIcSt11char_traitsIcEEPKv+42357
  #18  ZN5RKeng6Logger3PtrESt17basic_string_viewIcSt11char_traitsIcEEPKv+38868
  #19  ZN5RKeng6Logger3PtrESt17basic_string_viewIcSt11char_traitsIcEEPKv+18886
  #20  ZN5RKeng6Engine8ShutdownEv+10517
  #21  ZN5RKeng6Engine4InitEv+24
  #22  0x00007FF6BE211E24  (no symbol)
  #23  0x00007FF6BE2120C3  (no symbol)
  #24  0x00007FF6BE2112EE  (no symbol)
  #25  0x00007FF6BE2113E6  (no symbol)
  #26  BaseThreadInitThunk+23
  #27  RtlUserThreadStart+44
[VEH] --- end of crash report ---

[VEH] *** CRASH ***
[VEH] ExceptionCode: 0x21474343
[VEH] At: 0x7FF8A183FE0A
[VEH] Modules:
  RKeng.exe                                base=0x00007FF6BE210000 size=0x00140000
  ntdll.dll                                base=0x00007FF8A4CA0000 size=0x00267000
  KERNEL32.DLL                             base=0x00007FF8A3C30000 size=0x000C9000
  KERNELBASE.dll                           base=0x00007FF8A1780000 size=0x003F7000  <-- CRASH HERE
  msvcrt.dll                               base=0x00007FF8A3AD0000 size=0x000A9000
  USER32.dll                               base=0x00007FF8A3F60000 size=0x001C6000
  dbghelp.dll                              base=0x00007FF897C60000 size=0x00242000
  win32u.dll                               base=0x00007FF8A29F0000 size=0x00027000
  ucrtbase.dll                             base=0x00007FF8A2660000 size=0x0014B000
  GDI32.dll                                base=0x00007FF8A4890000 size=0x0002B000
  libgcc_s_seh-1.dll                       base=0x00007FF871CD0000 size=0x00024000
  gdi32full.dll                            base=0x00007FF8A1B80000 size=0x0012C000
  combase.dll                              base=0x00007FF8A4350000 size=0x00383000
  msvcp_win.dll                            base=0x00007FF8A2520000 size=0x000A3000
  libwinpthread-1.dll                      base=0x00007FF87EE90000 size=0x00016000
  RPCRT4.dll                               base=0x00007FF8A4230000 size=0x00118000
  OLEAUT32.dll                             base=0x00007FF8A31A0000 size=0x000D9000
  libRKengCore.dll                         base=0x00007FFFA0090000 size=0x03E70000
  vulkan-1.dll                             base=0x00007FF83BC90000 size=0x001AA000
  glfw3.dll                                base=0x00007FF83BC30000 size=0x00053000
  SHELL32.dll                              base=0x00007FF8A2A20000 size=0x0076E000
  ADVAPI32.dll                             base=0x00007FF8A3EA0000 size=0x000B6000
  sechost.dll                              base=0x00007FF8A3B80000 size=0x000A7000
  CFGMGR32.dll                             base=0x00007FF8A12A0000 size=0x00051000
  CRYPTBASE.DLL                            base=0x00007FF8A0CB0000 size=0x0000C000
  bcryptPrimitives.dll                     base=0x00007FF8A16D0000 size=0x000A8000
  IMM32.DLL                                base=0x00007FF8A3420000 size=0x00032000
  uxtheme.dll                              base=0x00007FF89F1E0000 size=0x000AA000
  dinput8.dll                              base=0x00007FF844C70000 size=0x0004B000
  xinput1_4.dll                            base=0x00007FF844CC0000 size=0x0001C000
  DEVOBJ.dll                               base=0x00007FF8A1300000 size=0x0002D000
  dwmapi.dll                               base=0x00007FF89F480000 size=0x0002F000
  shcore.dll                               base=0x00007FF8A4130000 size=0x000F6000
  inputhost.dll                            base=0x00007FF88EC70000 size=0x001E3000
  CoreMessaging.dll                        base=0x00007FF89E860000 size=0x00127000
  MSCTF.dll                                base=0x00007FF8A3280000 size=0x0015C000
  HID.DLL                                  base=0x00007FF89FB60000 size=0x0000F000
  SETUPAPI.DLL                             base=0x00007FF8A34E0000 size=0x00487000
  WINMM.DLL                                base=0x00007FF8979D0000 size=0x00036000
  WINTRUST.dll                             base=0x00007FF8A25D0000 size=0x00082000
  CRYPT32.dll                              base=0x00007FF8A27B0000 size=0x00178000
  MSASN1.dll                               base=0x00007FF8A0D20000 size=0x00013000
  Windows.Storage.dll                      base=0x00007FF8A1CB0000 size=0x0086C000
  kernel.appcore.dll                       base=0x00007FF8A0460000 size=0x0001B000
  textinputframework.dll                   base=0x00007FF88D440000 size=0x00146000
  CoreUIComponents.dll                     base=0x00007FF89C470000 size=0x002E2000
  wintypes.dll                             base=0x00007FF89C300000 size=0x0016A000
  dxgi.dll                                 base=0x00007FF89F310000 size=0x0013E000
  powrprof.dll                             base=0x00007FF8A1530000 size=0x0005E000
  UMPDC.dll                                base=0x00007FF8A1460000 size=0x00014000
  windows.staterepositorycore.dll          base=0x00007FF890080000 size=0x0001D000
  dxcore.dll                               base=0x00007FF89F2C0000 size=0x00045000
  directxdatabasehelper.dll                base=0x00007FF89CCC0000 size=0x00061000
  amdvlk64.dll                             base=0x00007FFF99C50000 size=0x0643C000
  VkLayer_khronos_validation.dll           base=0x00007FFF98980000 size=0x012CB000
  MSVCP140.dll                             base=0x00007FF83A9F0000 size=0x00089000
  VCRUNTIME140_1.dll                       base=0x00007FF897550000 size=0x0000C000
  VCRUNTIME140.dll                         base=0x00007FF891230000 size=0x0001E000
  shlwapi.dll                              base=0x00007FF8A4AA0000 size=0x00066000
  ole32.dll                                base=0x00007FF8A3D00000 size=0x00197000
  BCrypt.dll                               base=0x00007FF8A15C0000 size=0x0002A000
  amdenc64.dll                             base=0x00000000779A0000 size=0x00154000
  amdihk64.dll                             base=0x00007FF896CB0000 size=0x0003E000
  d3d12.dll                                base=0x00007FF887A30000 size=0x00025000
  amdxc64.dll                              base=0x00007FF8019C0000 size=0x049D8000
  VERSION.dll                              base=0x00007FF89C220000 size=0x0000B000
  D3D12Core.dll                            base=0x00007FF830DF0000 size=0x00358000
  D3DSCache.dll                            base=0x00007FF88E260000 size=0x000E5000
  USERENV.dll                              base=0x00007FF8A0A80000 size=0x00033000
  dcomp.dll                                base=0x00007FF89E630000 size=0x00222000
  Microsoft.Internal.WarpPal.dll           base=0x00007FF89D660000 size=0x00019000
[VEH] Stack:
  # 0  0x00007FF6BE211A29  (no symbol)
  # 1  RtlLocateExtendedFeature+3990
  # 2  RtlLocateExtendedFeature+870
  # 3  RtlRaiseException+545
  # 4  RaiseException+138
  # 5  GCC_specific_handler+212
  # 6  ZN5RKeng6Logger3PtrESt17basic_string_viewIcSt11char_traitsIcEEPKv+6474217
  # 7  _chkstk+287
  # 8  RtlUnwindEx+643
  # 9  Unwind_Resume+162
  #10  ZN5RKeng6Logger3PtrESt17basic_string_viewIcSt11char_traitsIcEEPKv+43019
  #11  ZN5RKeng6Logger3PtrESt17basic_string_viewIcSt11char_traitsIcEEPKv+38868
  #12  ZN5RKeng6Logger3PtrESt17basic_string_viewIcSt11char_traitsIcEEPKv+18886
  #13  ZN5RKeng6Engine8ShutdownEv+10517
  #14  ZN5RKeng6Engine4InitEv+24
  #15  0x00007FF6BE211E24  (no symbol)
  #16  0x00007FF6BE2120C3  (no symbol)
  #17  0x00007FF6BE2112EE  (no symbol)
  #18  0x00007FF6BE2113E6  (no symbol)
  #19  BaseThreadInitThunk+23
  #20  RtlUserThreadStart+44
[VEH] --- end of crash report ---
[FATAL] Failed to open shader: shaders/triangle.vert.spv
[main] WinMain exit
